Python 2.7.13 (default, Nov 24 2017, 17:33:09) 
[GCC 6.3.0 20170516] on linux2
Type "help", "copyright", "credits" or "license" for more information.
>>> <_ast.Expr object at 0xb73790ec>
python.el: native completion setup loaded
>>> from docsuminfoPARSE import *
>>> import sys
                            ...: 
                            ...: 
                            ...: sys.path.append("/home/david/Documents/ClintonJail/Guccifer2.0/Docs&Tools/Python/ALL_GUC_FILE_PROJECT/python/modules/DOC")
                            ...: 
                            ...: from OFFICIALPOSITIONS import OfficialPositions
                            ...: from ALTERNATEROOTS import *
                            ...: # from rootPARSE import *
                            ...: # from summaryinfoPARSE import *
                            ...: from docsuminfoPARSE import *
                            ...: ...
                            ...: #     print key, value
                            ...: # print "----------------"
                            ...: # print "finalsisproplist: "
                            ...: # print "================="
                            ...: # print type(finalsisproplist)
                            ...: # for item in finalsisproplist:
                            ...: #     print item
                            ...: # print "DOCUMENT SUMMARY"
                            ...: # print sisdictm
                            ...: # print fplist
This is wiered ['2016-07-04T11:33:33.529000']
<type 'NoneType'>
This is offpos None
Hello
[324608]
['ALTERNATE_1st-quarter-targeted-renewals.xls', 324608, ['2006-04-06T21:33:15.640000', '2016-07-04T11:33:33.529000'], ['ALTERNATEDocumentSummary', [384, '050044006f00630075006d0065006e007400530075006d006d0061007200790049006e0066006f0072006d006100740069006f006e000000000000000000000038000201ffffffffffffffffffffffff0000000000000000000000000000000000000000000000000000000000000000000000006c0200000010000000000000', 896, '050044006f00630075006d0065006e007400530075006d006d0061007200790049006e0066006f0072006d006100740069006f006e000000000000000000000038000201ffffffffffffffffffffffff000000000000000000000000000000000000000000000000000000000000000000000000000000001407000000000000'], 317952, 4096], ['ALTERNATEData', [0, 0], 0, 0], ['ALTERNATE1Table', [0, 0], 0, 0], ['ALTERNATEWordDocument', [0, 0], 0, 0], ['ALTERNATESummaryInformation', [256, '0500530075006d006d0061007200790049006e0066006f0072006d006100740069006f006e000000000000000000000000000000000000000000000000000000280002010100000003000000ffffffff000000000000000000000000000000000000000000000000000000000000000000000000640200000010000000000000', 768, '0500530075006d006d0061007200790049006e0066006f0072006d006100740069006f006e000000000000000000000000000000000000000000000000000000280002010100000003000000ffffffff000000000000000000000000000000000000000000000000000000000000000000000000640200000010000000000000'], 313856, 4096], ['ALTERNATECompObject', [0, 0], 0, 0], ['ALTERNATEWorkbook', [128, '57006f0072006b0062006f006f006b0000000000000000000000000000000000000000000000000000000000000000000000000000000000000000000000000012000201ffffffffffffffffffffffff00000000000000000000000000000000000000000000000000000000000000000000000000000000a8c6040000000000', 640, '57006f0072006b0062006f006f006b0000000000000000000000000000000000000000000000000000000000000000000000000000000000000000000000000012000201ffffffffffffffffffffffff00000000000000000000000000000000000000000000000000000000000000000000000000000000a8c6040000000000'], 0, 313000], ['ALTERNATESheet', [0, 0], 0, 0]]
>>> import sys
...: 
...: 
...: sys.path.append("/home/david/Documents/ClintonJail/Guccifer2.0/Docs&Tools/Python/ALL_GUC_FILE_PROJECT/python/modules/DOC")
...: 
...: from OFFICIALPOSITIONS import OfficialPositions
...: from ALTERNATEROOTS import *
...: # from rootPARSE import *
...: # from summaryinfoPARSE import *
...: #from docsuminfoPARSE import *
...: ...
...: #     print key, value
...: # print "----------------"
...: # print "finalsisproplist: "
...: # print "================="
...: # print type(finalsisproplist)
...: # for item in finalsisproplist:
...: #     print item
...: # print "DOCUMENT SUMMARY"
...: # print sisdictm
...: # print fplist
This is wiered ['2016-07-04T11:33:33.529000']
<type 'NoneType'>
This is offpos None
Hello
[324608]
['ALTERNATE_1st-quarter-targeted-renewals.xls', 324608, ['2006-04-06T21:33:15.640000', '2016-07-04T11:33:33.529000'], ['ALTERNATEDocumentSummary', [384, '050044006f00630075006d0065006e007400530075006d006d0061007200790049006e0066006f0072006d006100740069006f006e000000000000000000000038000201ffffffffffffffffffffffff0000000000000000000000000000000000000000000000000000000000000000000000006c0200000010000000000000', 896, '050044006f00630075006d0065006e007400530075006d006d0061007200790049006e0066006f0072006d006100740069006f006e000000000000000000000038000201ffffffffffffffffffffffff000000000000000000000000000000000000000000000000000000000000000000000000000000001407000000000000'], 317952, 4096], ['ALTERNATEData', [0, 0], 0, 0], ['ALTERNATE1Table', [0, 0], 0, 0], ['ALTERNATEWordDocument', [0, 0], 0, 0], ['ALTERNATESummaryInformation', [256, '0500530075006d006d0061007200790049006e0066006f0072006d006100740069006f006e000000000000000000000000000000000000000000000000000000280002010100000003000000ffffffff000000000000000000000000000000000000000000000000000000000000000000000000640200000010000000000000', 768, '0500530075006d006d0061007200790049006e0066006f0072006d006100740069006f006e000000000000000000000000000000000000000000000000000000280002010100000003000000ffffffff000000000000000000000000000000000000000000000000000000000000000000000000640200000010000000000000'], 313856, 4096], ['ALTERNATECompObject', [0, 0], 0, 0], ['ALTERNATEWorkbook', [128, '57006f0072006b0062006f006f006b0000000000000000000000000000000000000000000000000000000000000000000000000000000000000000000000000012000201ffffffffffffffffffffffff00000000000000000000000000000000000000000000000000000000000000000000000000000000a8c6040000000000', 640, '57006f0072006b0062006f006f006b0000000000000000000000000000000000000000000000000000000000000000000000000000000000000000000000000012000201ffffffffffffffffffffffff00000000000000000000000000000000000000000000000000000000000000000000000000000000a8c6040000000000'], 0, 313000], ['ALTERNATESheet', [0, 0], 0, 0]]
>>> import sys
...: 
...: 
...: sys.path.append("/home/david/Documents/ClintonJail/Guccifer2.0/Docs&Tools/Python/ALL_GUC_FILE_PROJECT/python/modules/DOC")
...: 
...: from OFFICIALPOSITIONS import OfficialPositions
...: from ALTERNATEROOTS import *
...: # from rootPARSE import *
...: # from summaryinfoPARSE import *
...: #from docsuminfoPARSE import *
...: ...
...: #     print key, value
...: # print "----------------"
...: # print "finalsisproplist: "
...: # print "================="
...: # print type(finalsisproplist)
...: # for item in finalsisproplist:
...: #     print item
...: # print "DOCUMENT SUMMARY"
...: # print sisdictm
...: # print fplist
This is wiered ['2016-07-04T11:33:33.529000']
<type 'NoneType'>
This is offpos None
Hello
[324608]
['ALTERNATE_1st-quarter-targeted-renewals.xls', 324608, ['2006-04-06T21:33:15.640000', '2016-07-04T11:33:33.529000'], ['ALTERNATEDocumentSummary', [384, '050044006f00630075006d0065006e007400530075006d006d0061007200790049006e0066006f0072006d006100740069006f006e000000000000000000000038000201ffffffffffffffffffffffff0000000000000000000000000000000000000000000000000000000000000000000000006c0200000010000000000000', 896, '050044006f00630075006d0065006e007400530075006d006d0061007200790049006e0066006f0072006d006100740069006f006e000000000000000000000038000201ffffffffffffffffffffffff000000000000000000000000000000000000000000000000000000000000000000000000000000001407000000000000'], 317952, 4096], ['ALTERNATEData', [0, 0], 0, 0], ['ALTERNATE1Table', [0, 0], 0, 0], ['ALTERNATEWordDocument', [0, 0], 0, 0], ['ALTERNATESummaryInformation', [256, '0500530075006d006d0061007200790049006e0066006f0072006d006100740069006f006e000000000000000000000000000000000000000000000000000000280002010100000003000000ffffffff000000000000000000000000000000000000000000000000000000000000000000000000640200000010000000000000', 768, '0500530075006d006d0061007200790049006e0066006f0072006d006100740069006f006e000000000000000000000000000000000000000000000000000000280002010100000003000000ffffffff000000000000000000000000000000000000000000000000000000000000000000000000640200000010000000000000'], 313856, 4096], ['ALTERNATECompObject', [0, 0], 0, 0], ['ALTERNATEWorkbook', [128, '57006f0072006b0062006f006f006b0000000000000000000000000000000000000000000000000000000000000000000000000000000000000000000000000012000201ffffffffffffffffffffffff00000000000000000000000000000000000000000000000000000000000000000000000000000000a8c6040000000000', 640, '57006f0072006b0062006f006f006b0000000000000000000000000000000000000000000000000000000000000000000000000000000000000000000000000012000201ffffffffffffffffffffffff00000000000000000000000000000000000000000000000000000000000000000000000000000000a8c6040000000000'], 0, 313000], ['ALTERNATESheet', [0, 0], 0, 0]]
>>> quit()

Process Python finished
Python 2.7.13 (default, Nov 24 2017, 17:33:09) 
[GCC 6.3.0 20170516] on linux2
Type "help", "copyright", "credits" or "license" for more information.
>>> <_ast.Expr object at 0xb742a0ec>
python.el: native completion setup loaded
>>> import sys
...: 
...: 
...: sys.path.append("/home/david/Documents/ClintonJail/Guccifer2.0/Docs&Tools/Python/ALL_GUC_FILE_PROJECT/python/modules/DOC")
...: 
...: from OFFICIALPOSITIONS import OfficialPositions
...: from ALTERNATEROOTS import *
...: # from rootPARSE import *
...: # from summaryinfoPARSE import *
...: #from docsuminfoPARSE import *
...: ...
...: #     print key, value
...: # print "----------------"
...: # print "finalsisproplist: "
...: # print "================="
...: # print type(finalsisproplist)
...: # for item in finalsisproplist:
...: #     print item
...: # print "DOCUMENT SUMMARY"
...: # print sisdictm
...: # print fplist
This is wiered ['2016-07-04T11:33:33.529000']
<type 'NoneType'>
This is offpos None
Hello
[324608]
['ALTERNATE_1st-quarter-targeted-renewals.xls', 324608, ['2006-04-06T21:33:15.640000', '2016-07-04T11:33:33.529000'], ['ALTERNATEDocumentSummary', [384, '050044006f00630075006d0065006e007400530075006d006d0061007200790049006e0066006f0072006d006100740069006f006e000000000000000000000038000201ffffffffffffffffffffffff0000000000000000000000000000000000000000000000000000000000000000000000006c0200000010000000000000', 896, '050044006f00630075006d0065006e007400530075006d006d0061007200790049006e0066006f0072006d006100740069006f006e000000000000000000000038000201ffffffffffffffffffffffff000000000000000000000000000000000000000000000000000000000000000000000000000000001407000000000000'], 317952, 4096], ['ALTERNATEData', [0, 0], 0, 0], ['ALTERNATE1Table', [0, 0], 0, 0], ['ALTERNATEWordDocument', [0, 0], 0, 0], ['ALTERNATESummaryInformation', [256, '0500530075006d006d0061007200790049006e0066006f0072006d006100740069006f006e000000000000000000000000000000000000000000000000000000280002010100000003000000ffffffff000000000000000000000000000000000000000000000000000000000000000000000000640200000010000000000000', 768, '0500530075006d006d0061007200790049006e0066006f0072006d006100740069006f006e000000000000000000000000000000000000000000000000000000280002010100000003000000ffffffff000000000000000000000000000000000000000000000000000000000000000000000000640200000010000000000000'], 313856, 4096], ['ALTERNATECompObject', [0, 0], 0, 0], ['ALTERNATEWorkbook', [128, '57006f0072006b0062006f006f006b0000000000000000000000000000000000000000000000000000000000000000000000000000000000000000000000000012000201ffffffffffffffffffffffff00000000000000000000000000000000000000000000000000000000000000000000000000000000a8c6040000000000', 640, '57006f0072006b0062006f006f006b0000000000000000000000000000000000000000000000000000000000000000000000000000000000000000000000000012000201ffffffffffffffffffffffff00000000000000000000000000000000000000000000000000000000000000000000000000000000a8c6040000000000'], 0, 313000], ['ALTERNATESheet', [0, 0], 0, 0]]
>>> quit()

Process Python finished
Python 2.7.13 (default, Nov 24 2017, 17:33:09) 
[GCC 6.3.0 20170516] on linux2
Type "help", "copyright", "credits" or "license" for more information.
>>> <_ast.Expr object at 0xb74330ec>
python.el: native completion setup loaded
>>> import sys
...: 
...: 
...: sys.path.append("/home/david/Documents/ClintonJail/Guccifer2.0/Docs&Tools/Python/ALL_GUC_FILE_PROJECT/python/modules/DOC")
...: 
...: from OFFICIALPOSITIONS import OfficialPositions
...: from ALTERNATEROOTS import *
...: # from rootPARSE import *
...: # from summaryinfoPARSE import *
...: #from docsuminfoPARSE import *
...: ...
...: #     print key, value
...: # print "----------------"
...: # print "finalsisproplist: "
...: # print "================="
...: # print type(finalsisproplist)
...: # for item in finalsisproplist:
...: #     print item
...: # print "DOCUMENT SUMMARY"
...: # print sisdictm
...: # print fplist
This is wiered ['2016-07-04T11:33:33.529000']
<type 'NoneType'>
This is offpos None
Hello
[324608]
['ALTERNATE_1st-quarter-targeted-renewals.xls', 324608, ['2006-04-06T21:33:15.640000', '2016-07-04T11:33:33.529000'], ['ALTERNATEDocumentSummary', [384, '050044006f00630075006d0065006e007400530075006d006d0061007200790049006e0066006f0072006d006100740069006f006e000000000000000000000038000201ffffffffffffffffffffffff0000000000000000000000000000000000000000000000000000000000000000000000006c0200000010000000000000', 896, '050044006f00630075006d0065006e007400530075006d006d0061007200790049006e0066006f0072006d006100740069006f006e000000000000000000000038000201ffffffffffffffffffffffff000000000000000000000000000000000000000000000000000000000000000000000000000000001407000000000000'], 317952, 4096], ['ALTERNATEData', [0, 0], 0, 0], ['ALTERNATE1Table', [0, 0], 0, 0], ['ALTERNATEWordDocument', [0, 0], 0, 0], ['ALTERNATESummaryInformation', [256, '0500530075006d006d0061007200790049006e0066006f0072006d006100740069006f006e000000000000000000000000000000000000000000000000000000280002010100000003000000ffffffff000000000000000000000000000000000000000000000000000000000000000000000000640200000010000000000000', 768, '0500530075006d006d0061007200790049006e0066006f0072006d006100740069006f006e000000000000000000000000000000000000000000000000000000280002010100000003000000ffffffff000000000000000000000000000000000000000000000000000000000000000000000000640200000010000000000000'], 313856, 4096], ['ALTERNATECompObject', [0, 0], 0, 0], ['ALTERNATEWorkbook', [128, '57006f0072006b0062006f006f006b0000000000000000000000000000000000000000000000000000000000000000000000000000000000000000000000000012000201ffffffffffffffffffffffff00000000000000000000000000000000000000000000000000000000000000000000000000000000a8c6040000000000', 640, '57006f0072006b0062006f006f006b0000000000000000000000000000000000000000000000000000000000000000000000000000000000000000000000000012000201ffffffffffffffffffffffff00000000000000000000000000000000000000000000000000000000000000000000000000000000a8c6040000000000'], 0, 313000], ['ALTERNATESheet', [0, 0], 0, 0]]
>>> Traceback (most recent call last):
  File "<stdin>", line 1, in <module>
  File "/home/david/Documents/ClintonJail/Guccifer2.0/Docs&Tools/Python/ALL_GUC_FILE_PROJECT/python/modules/DOC/BINARYPARSE.py", line 34, in <module>
    
NameError: name 'myPositions' is not defined
>>> import sys
...: 
...: 
...: sys.path.append("/home/david/Documents/ClintonJail/Guccifer2.0/Docs&Tools/Python/ALL_GUC_FILE_PROJECT/python/modules/DOC")
...: 
...: from OFFICIALPOSITIONS import OfficialPositions
...: from ALTERNATEROOTS import *
...: # from rootPARSE import *
...: # from summaryinfoPARSE import *
...: #from docsuminfoPARSE import *
...: ...
...: #     print key, value
...: # print "----------------"
...: # print "finalsisproplist: "
...: # print "================="
...: # print type(finalsisproplist)
...: # for item in finalsisproplist:
...: #     print item
...: # print "DOCUMENT SUMMARY"
...: # print sisdictm
...: # print fplist
This is wiered ['2016-07-04T11:33:33.529000']
<type 'NoneType'>
This is offpos None
None
Hello
[324608]
['ALTERNATE_1st-quarter-targeted-renewals.xls', 324608, ['2006-04-06T21:33:15.640000', '2016-07-04T11:33:33.529000'], ['ALTERNATEDocumentSummary', [384, '050044006f00630075006d0065006e007400530075006d006d0061007200790049006e0066006f0072006d006100740069006f006e000000000000000000000038000201ffffffffffffffffffffffff0000000000000000000000000000000000000000000000000000000000000000000000006c0200000010000000000000', 896, '050044006f00630075006d0065006e007400530075006d006d0061007200790049006e0066006f0072006d006100740069006f006e000000000000000000000038000201ffffffffffffffffffffffff000000000000000000000000000000000000000000000000000000000000000000000000000000001407000000000000'], 317952, 4096], ['ALTERNATEData', [0, 0], 0, 0], ['ALTERNATE1Table', [0, 0], 0, 0], ['ALTERNATEWordDocument', [0, 0], 0, 0], ['ALTERNATESummaryInformation', [256, '0500530075006d006d0061007200790049006e0066006f0072006d006100740069006f006e000000000000000000000000000000000000000000000000000000280002010100000003000000ffffffff000000000000000000000000000000000000000000000000000000000000000000000000640200000010000000000000', 768, '0500530075006d006d0061007200790049006e0066006f0072006d006100740069006f006e000000000000000000000000000000000000000000000000000000280002010100000003000000ffffffff000000000000000000000000000000000000000000000000000000000000000000000000640200000010000000000000'], 313856, 4096], ['ALTERNATECompObject', [0, 0], 0, 0], ['ALTERNATEWorkbook', [128, '57006f0072006b0062006f006f006b0000000000000000000000000000000000000000000000000000000000000000000000000000000000000000000000000012000201ffffffffffffffffffffffff00000000000000000000000000000000000000000000000000000000000000000000000000000000a8c6040000000000', 640, '57006f0072006b0062006f006f006b0000000000000000000000000000000000000000000000000000000000000000000000000000000000000000000000000012000201ffffffffffffffffffffffff00000000000000000000000000000000000000000000000000000000000000000000000000000000a8c6040000000000'], 0, 313000], ['ALTERNATESheet', [0, 0], 0, 0]]
>>> import sys
...: 
...: 
...: sys.path.append("/home/david/Documents/ClintonJail/Guccifer2.0/Docs&Tools/Python/ALL_GUC_FILE_PROJECT/python/modules/DOC")
...: 
...: from OFFICIALPOSITIONS import OfficialPositions
...: from ALTERNATEROOTS import *
...: # from rootPARSE import *
...: # from summaryinfoPARSE import *
...: #from docsuminfoPARSE import *
...: ...
...: #     print key, value
...: # print "----------------"
...: # print "finalsisproplist: "
...: # print "================="
...: # print type(finalsisproplist)
...: # for item in finalsisproplist:
...: #     print item
...: # print "DOCUMENT SUMMARY"
...: # print sisdictm
...: # print fplist
This is wiered ['2016-07-04T11:33:33.529000']
None
Hello
[324608]
['ALTERNATE_1st-quarter-targeted-renewals.xls', 324608, ['2006-04-06T21:33:15.640000', '2016-07-04T11:33:33.529000'], ['ALTERNATEDocumentSummary', [384, '050044006f00630075006d0065006e007400530075006d006d0061007200790049006e0066006f0072006d006100740069006f006e000000000000000000000038000201ffffffffffffffffffffffff0000000000000000000000000000000000000000000000000000000000000000000000006c0200000010000000000000', 896, '050044006f00630075006d0065006e007400530075006d006d0061007200790049006e0066006f0072006d006100740069006f006e000000000000000000000038000201ffffffffffffffffffffffff000000000000000000000000000000000000000000000000000000000000000000000000000000001407000000000000'], 317952, 4096], ['ALTERNATEData', [0, 0], 0, 0], ['ALTERNATE1Table', [0, 0], 0, 0], ['ALTERNATEWordDocument', [0, 0], 0, 0], ['ALTERNATESummaryInformation', [256, '0500530075006d006d0061007200790049006e0066006f0072006d006100740069006f006e000000000000000000000000000000000000000000000000000000280002010100000003000000ffffffff000000000000000000000000000000000000000000000000000000000000000000000000640200000010000000000000', 768, '0500530075006d006d0061007200790049006e0066006f0072006d006100740069006f006e000000000000000000000000000000000000000000000000000000280002010100000003000000ffffffff000000000000000000000000000000000000000000000000000000000000000000000000640200000010000000000000'], 313856, 4096], ['ALTERNATECompObject', [0, 0], 0, 0], ['ALTERNATEWorkbook', [128, '57006f0072006b0062006f006f006b0000000000000000000000000000000000000000000000000000000000000000000000000000000000000000000000000012000201ffffffffffffffffffffffff00000000000000000000000000000000000000000000000000000000000000000000000000000000a8c6040000000000', 640, '57006f0072006b0062006f006f006b0000000000000000000000000000000000000000000000000000000000000000000000000000000000000000000000000012000201ffffffffffffffffffffffff00000000000000000000000000000000000000000000000000000000000000000000000000000000a8c6040000000000'], 0, 313000], ['ALTERNATESheet', [0, 0], 0, 0]]
>>> import sys
...: 
...: 
...: sys.path.append("/home/david/Documents/ClintonJail/Guccifer2.0/Docs&Tools/Python/ALL_GUC_FILE_PROJECT/python/modules/DOC")
...: 
...: from OFFICIALPOSITIONS import OfficialPositions
...: from ALTERNATEROOTS import *
...: # from rootPARSE import *
...: # from summaryinfoPARSE import *
...: #from docsuminfoPARSE import *
...: ...
...: #     print key, value
...: # print "----------------"
...: # print "finalsisproplist: "
...: # print "================="
...: # print type(finalsisproplist)
...: # for item in finalsisproplist:
...: #     print item
...: # print "DOCUMENT SUMMARY"
...: # print sisdictm
...: # print fplist
Hello
[324608]
['ALTERNATE_1st-quarter-targeted-renewals.xls', 324608, ['2006-04-06T21:33:15.640000', '2016-07-04T11:33:33.529000'], ['ALTERNATEDocumentSummary', [384, '050044006f00630075006d0065006e007400530075006d006d0061007200790049006e0066006f0072006d006100740069006f006e000000000000000000000038000201ffffffffffffffffffffffff0000000000000000000000000000000000000000000000000000000000000000000000006c0200000010000000000000', 896, '050044006f00630075006d0065006e007400530075006d006d0061007200790049006e0066006f0072006d006100740069006f006e000000000000000000000038000201ffffffffffffffffffffffff000000000000000000000000000000000000000000000000000000000000000000000000000000001407000000000000'], 317952, 4096], ['ALTERNATEData', [0, 0], 0, 0], ['ALTERNATE1Table', [0, 0], 0, 0], ['ALTERNATEWordDocument', [0, 0], 0, 0], ['ALTERNATESummaryInformation', [256, '0500530075006d006d0061007200790049006e0066006f0072006d006100740069006f006e000000000000000000000000000000000000000000000000000000280002010100000003000000ffffffff000000000000000000000000000000000000000000000000000000000000000000000000640200000010000000000000', 768, '0500530075006d006d0061007200790049006e0066006f0072006d006100740069006f006e000000000000000000000000000000000000000000000000000000280002010100000003000000ffffffff000000000000000000000000000000000000000000000000000000000000000000000000640200000010000000000000'], 313856, 4096], ['ALTERNATECompObject', [0, 0], 0, 0], ['ALTERNATEWorkbook', [128, '57006f0072006b0062006f006f006b0000000000000000000000000000000000000000000000000000000000000000000000000000000000000000000000000012000201ffffffffffffffffffffffff00000000000000000000000000000000000000000000000000000000000000000000000000000000a8c6040000000000', 640, '57006f0072006b0062006f006f006b0000000000000000000000000000000000000000000000000000000000000000000000000000000000000000000000000012000201ffffffffffffffffffffffff00000000000000000000000000000000000000000000000000000000000000000000000000000000a8c6040000000000'], 0, 313000], ['ALTERNATESheet', [0, 0], 0, 0]]
This is wiered ['2016-07-04T11:33:33.529000']
None
>>> import sys
...: 
...: 
...: sys.path.append("/home/david/Documents/ClintonJail/Guccifer2.0/Docs&Tools/Python/ALL_GUC_FILE_PROJECT/python/modules/DOC")
...: 
...: from OFFICIALPOSITIONS import OfficialPositions
...: from ALTERNATEROOTS import *
...: # from rootPARSE import *
...: # from summaryinfoPARSE import *
...: #from docsuminfoPARSE import *
...: ...
...: #     print key, value
...: # print "----------------"
...: # print "finalsisproplist: "
...: # print "================="
...: # print type(finalsisproplist)
...: # for item in finalsisproplist:
...: #     print item
...: # print "DOCUMENT SUMMARY"
...: # print sisdictm
...: # print fplist
Hello
[324608]
['ALTERNATE_1st-quarter-targeted-renewals.xls', 324608, ['2006-04-06T21:33:15.640000', '2016-07-04T11:33:33.529000'], ['ALTERNATEDocumentSummary', [384, '050044006f00630075006d0065006e007400530075006d006d0061007200790049006e0066006f0072006d006100740069006f006e000000000000000000000038000201ffffffffffffffffffffffff0000000000000000000000000000000000000000000000000000000000000000000000006c0200000010000000000000', 896, '050044006f00630075006d0065006e007400530075006d006d0061007200790049006e0066006f0072006d006100740069006f006e000000000000000000000038000201ffffffffffffffffffffffff000000000000000000000000000000000000000000000000000000000000000000000000000000001407000000000000'], 317952, 4096], ['ALTERNATEData', [0, 0], 0, 0], ['ALTERNATE1Table', [0, 0], 0, 0], ['ALTERNATEWordDocument', [0, 0], 0, 0], ['ALTERNATESummaryInformation', [256, '0500530075006d006d0061007200790049006e0066006f0072006d006100740069006f006e000000000000000000000000000000000000000000000000000000280002010100000003000000ffffffff000000000000000000000000000000000000000000000000000000000000000000000000640200000010000000000000', 768, '0500530075006d006d0061007200790049006e0066006f0072006d006100740069006f006e000000000000000000000000000000000000000000000000000000280002010100000003000000ffffffff000000000000000000000000000000000000000000000000000000000000000000000000640200000010000000000000'], 313856, 4096], ['ALTERNATECompObject', [0, 0], 0, 0], ['ALTERNATEWorkbook', [128, '57006f0072006b0062006f006f006b0000000000000000000000000000000000000000000000000000000000000000000000000000000000000000000000000012000201ffffffffffffffffffffffff00000000000000000000000000000000000000000000000000000000000000000000000000000000a8c6040000000000', 640, '57006f0072006b0062006f006f006b0000000000000000000000000000000000000000000000000000000000000000000000000000000000000000000000000012000201ffffffffffffffffffffffff00000000000000000000000000000000000000000000000000000000000000000000000000000000a8c6040000000000'], 0, 313000], ['ALTERNATESheet', [0, 0], 0, 0]]
This is wiered ['2016-07-04T11:33:33.529000']
None
>>> import sys
...: 
...: 
...: sys.path.append("/home/david/Documents/ClintonJail/Guccifer2.0/Docs&Tools/Python/ALL_GUC_FILE_PROJECT/python/modules/DOC")
...: 
...: from OFFICIALPOSITIONS import OfficialPositions
...: from ALTERNATEROOTS import *
...: # from rootPARSE import *
...: # from summaryinfoPARSE import *
...: #from docsuminfoPARSE import *
...: ...
...: #     print key, value
...: # print "----------------"
...: # print "finalsisproplist: "
...: # print "================="
...: # print type(finalsisproplist)
...: # for item in finalsisproplist:
...: #     print item
...: # print "DOCUMENT SUMMARY"
...: # print sisdictm
...: # print fplist
Hello
[62464]
['ALTERNATE_out-of-region-ne-donors.xls', 62464, ['2006-11-13T19:48:06.921000', '2016-07-04T11:06:45.385000'], ['ALTERNATEDocumentSummary', [384, '050044006f00630075006d0065006e007400530075006d006d0061007200790049006e0066006f0072006d006100740069006f006e000000000000000000000038000201ffffffffffffffffffffffff000000000000000000000000000000000000000000000000000000000000000000000000700000000010000000000000', 896, '050044006f00630075006d0065006e007400530075006d006d0061007200790049006e0066006f0072006d006100740069006f006e000000000000000000000038000201ffffffffffffffffffffffff00000000000000000000000000000000000000000000000000000000000000000000000000000000f402000000000000'], 57856, 4096], ['ALTERNATEData', [0, 0], 0, 0], ['ALTERNATE1Table', [0, 0], 0, 0], ['ALTERNATEWordDocument', [0, 0], 0, 0], ['ALTERNATESummaryInformation', [256, '0500530075006d006d0061007200790049006e0066006f0072006d006100740069006f006e000000000000000000000000000000000000000000000000000000280002010100000003000000ffffffff000000000000000000000000000000000000000000000000000000000000000000000000680000000010000000000000', 768, '0500530075006d006d0061007200790049006e0066006f0072006d006100740069006f006e000000000000000000000000000000000000000000000000000000280002010100000003000000ffffffff000000000000000000000000000000000000000000000000000000000000000000000000680000000010000000000000'], 53760, 4096], ['ALTERNATECompObject', [0, 0], 0, 0], ['ALTERNATEWorkbook', [128, '57006f0072006b0062006f006f006b0000000000000000000000000000000000000000000000000000000000000000000000000000000000000000000000000012000201ffffffffffffffffffffffff00000000000000000000000000000000000000000000000000000000000000000000000000000000bacf000000000000', 640, '57006f0072006b0062006f006f006b0000000000000000000000000000000000000000000000000000000000000000000000000000000000000000000000000012000201ffffffffffffffffffffffff00000000000000000000000000000000000000000000000000000000000000000000000000000000bacf000000000000'], 0, 53178], ['ALTERNATESheet', [0, 0], 0, 0]]
This is wiered ['2016-07-04T11:06:45.385000']
None
>>> import sys
...: 
...: sys.path.append("/home/david/Documents/ClintonJail/Guccifer2.0/Docs&Tools/Python/ALL_GUC_FILE_PROJECT/python/modules/DOC")
...: 
...: from binarytoolkit import *
...: 
...: 
...: infile = "/home/david/Documents/ClintonJail/Guccifer2.0/Docs&Tools/Python/ALL_GUC_FILE_PROJECT/downloaded_docs/xls/out-of-region-ne-donors.xls"
...: 
...: def OfficialPositions(infile):
...: ...
...:     PositionsList.append(WorkbookList)
...:     SheetList = []
...:     SheetList.append("OFFICIALSheet")
...:     SheetList.append(RootSliceSheetChunk)
...:     SheetList.append(RootSliceSheetPosition)
...:     SheetList.append(RootSliceSheetLength)
...:     PositionsList.append(SheetList)
...:     print "This is wiered", PositionsList[1]
...: 
...:     return PositionsList
>>> import sys
...: 
...: sys.path.append("/home/david/Documents/ClintonJail/Guccifer2.0/Docs&Tools/Python/ALL_GUC_FILE_PROJECT/python/modules/DOC")
...: 
...: from binarytoolkit import *
...: 
...: 
...: infile = "/home/david/Documents/ClintonJail/Guccifer2.0/Docs&Tools/Python/ALL_GUC_FILE_PROJECT/downloaded_docs/xls/out-of-region-ne-donors.xls"
...: 
...: def OfficialPositions(infile):
...: ...
...:     SheetList.append("OFFICIALSheet")
...:     SheetList.append(RootSliceSheetChunk)
...:     SheetList.append(RootSliceSheetPosition)
...:     SheetList.append(RootSliceSheetLength)
...:     PositionsList.append(SheetList)
...:     print "This is wiered", PositionsList[1]
...: 
...:     return PositionsList
...: 
...: print PositionsList
Traceback (most recent call last):
  File "<stdin>", line 1, in <module>
  File "/home/david/Documents/ClintonJail/Guccifer2.0/Docs&Tools/Python/ALL_GUC_FILE_PROJECT/python/modules/DOC/OFFICIALPOSITIONS.py", line 309, in <module>
    print PositionsList
NameError: name 'PositionsList' is not defined
>>> import sys
...: 
...: sys.path.append("/home/david/Documents/ClintonJail/Guccifer2.0/Docs&Tools/Python/ALL_GUC_FILE_PROJECT/python/modules/DOC")
...: 
...: from binarytoolkit import *
...: 
...: 
...: infile = "/home/david/Documents/ClintonJail/Guccifer2.0/Docs&Tools/Python/ALL_GUC_FILE_PROJECT/downloaded_docs/xls/out-of-region-ne-donors.xls"
...: 
...: def OfficialPositions(infile):
...: ...
...:     SheetList.append("OFFICIALSheet")
...:     SheetList.append(RootSliceSheetChunk)
...:     SheetList.append(RootSliceSheetPosition)
...:     SheetList.append(RootSliceSheetLength)
...:     PositionsList.append(SheetList)
...:     print "This is wiered", PositionsList[1]
...: 
...:     return PositionsList
...: 
...: print OfficialPositions(infile)
This is wiered ['2016-07-04T11:06:45.385000']
None
>>> 